../Core/Src/st7735.c:91:13:ST7735_Select	8	static
../Core/Src/st7735.c:95:6:ST7735_Unselect	8	static
../Core/Src/st7735.c:99:13:ST7735_Reset	8	static
../Core/Src/st7735.c:105:13:ST7735_WriteCommand	16	static
../Core/Src/st7735.c:111:13:ST7735_WriteData	16	static
../Core/Src/st7735.c:116:13:ST7735_ExecuteCommandList	24	static
../Core/Src/st7735.c:142:6:ST7735_SetAddressWindow	32	static
../Core/Src/st7735.c:158:6:ST7735_Init	8	static
../Core/Src/st7735.c:167:6:ST7735_DrawPixel	24	static
../Core/Src/st7735.c:180:6:ST7735_DrawLine	40	static
../Core/Src/st7735.c:203:13:ST7735_WriteChar	48	static
../Core/Src/st7735.c:222:6:ST7735_WriteString	32	static
../Core/Src/st7735.c:248:6:ST7735_DrawRectangle	32	static
../Core/Src/st7735.c:262:6:ST7735_FillRectangle	32	static
../Core/Src/st7735.c:282:6:ST7735_FillRectangleFast	32	static
../Core/Src/st7735.c:305:6:ST7735_FillScreen	24	static
../Core/Src/st7735.c:309:6:ST7735_FillScreenFast	24	static
../Core/Src/st7735.c:336:6:sendSPI	16	static
../Core/Src/st7735.c:342:6:ST7735_DrawBitmap	16	static
../Core/Src/st7735.c:352:6:ST7735_InvertColors	16	static
../Core/Src/st7735.c:358:6:ST7735_SetGamma	16	static
../Core/Src/st7735.c:366:6:ST7735_Test	24	static
../Core/Src/st7735.c:443:6:testlines	40	static
../Core/Src/st7735.c:485:6:testdrawrects	40	static
